Current workig dir :  D:\Projects\python\ai-lab\deep_models\cifar_cnn
Project Base dir :  D:\Projects\python\ai-lab\deep_models\cifar_cnn

Dataset download to or upload from :  D:\Projects\python\ai-lab\deep_models\cifar_cnn\train_data
Size of dataset :  50000
Type of img :  <class 'torch.Tensor'>
Size of img :  torch.Size([3, 32, 32])

Type of label :  <class 'int'>
Value of label :  7

Number of pixel in image :  torch.Size([3072])
Min value of img pixel :  tensor(-1.)
Max value of img pixel :  tensor(0.9451)

Number of batches in training set :  625
Type of train_loader :  <class 'torch.utils.data.dataloader.DataLoader'>

Type of image batch :  <class 'torch.Tensor'>
Shape of image batch :  torch.Size([64, 3, 32, 32])
Type of batch label :  <class 'torch.Tensor'>
Shape of batch label :  torch.Size([64])

Test dataset download to or upload from :  D:\Projects\python\ai-lab\deep_models\cifar_cnn\test_data

Number of batches in testing set :  157

TRAINING BEGINS


Make checkpoints dir

Saving learned weights...
Saved learned weights :  D:\Projects\python\ai-lab\deep_models\cifar_cnn\checkpoints\cifar10_cnn_model.pth

Saving the BEST model so far, at epoch : 1, acc :  56.701

Epoch : 1
Training loss :  1.523, acc :  44.100
Validation loss :  1.216, acc :  56.701

Make checkpoints dir

Saving learned weights...
Saved learned weights :  D:\Projects\python\ai-lab\deep_models\cifar_cnn\checkpoints\cifar10_cnn_model.pth

Saving the BEST model so far, at epoch : 2, acc :  70.733

Epoch : 2
Training loss :  1.026, acc :  63.472
Validation loss :  0.844, acc :  70.733

Make checkpoints dir

Saving learned weights...
Saved learned weights :  D:\Projects\python\ai-lab\deep_models\cifar_cnn\checkpoints\cifar10_cnn_model.pth

Saving the BEST model so far, at epoch : 3, acc :  75.160

Epoch : 3
Training loss :  0.815, acc :  71.122
Validation loss :  0.714, acc :  75.160

Make checkpoints dir

Saving learned weights...
Saved learned weights :  D:\Projects\python\ai-lab\deep_models\cifar_cnn\checkpoints\cifar10_cnn_model.pth

Saving the BEST model so far, at epoch : 4, acc :  76.593

Epoch : 4
Training loss :  0.700, acc :  75.382
Validation loss :  0.674, acc :  76.593

Make checkpoints dir

Saving learned weights...
Saved learned weights :  D:\Projects\python\ai-lab\deep_models\cifar_cnn\checkpoints\cifar10_cnn_model.pth

Saving the BEST model so far, at epoch : 5, acc :  77.604

Epoch : 5
Training loss :  0.629, acc :  77.967
Validation loss :  0.663, acc :  77.604

Make checkpoints dir

Saving learned weights...
Saved learned weights :  D:\Projects\python\ai-lab\deep_models\cifar_cnn\checkpoints\cifar10_cnn_model.pth

Saving the BEST model so far, at epoch : 6, acc :  80.639

Epoch : 6
Training loss :  0.579, acc :  79.853
Validation loss :  0.562, acc :  80.639

Make checkpoints dir

Saving learned weights...
Saved learned weights :  D:\Projects\python\ai-lab\deep_models\cifar_cnn\checkpoints\cifar10_cnn_model.pth

Saving the BEST model so far, at epoch : 7, acc :  82.071

Epoch : 7
Training loss :  0.535, acc :  81.668
Validation loss :  0.529, acc :  82.071

Make checkpoints dir

Saving learned weights...
Saved learned weights :  D:\Projects\python\ai-lab\deep_models\cifar_cnn\checkpoints\cifar10_cnn_model.pth

Saving the BEST model so far, at epoch : 8, acc :  82.392

Epoch : 8
Training loss :  0.488, acc :  83.257
Validation loss :  0.530, acc :  82.392

Make checkpoints dir

Saving learned weights...
Saved learned weights :  D:\Projects\python\ai-lab\deep_models\cifar_cnn\checkpoints\cifar10_cnn_model.pth

Saving the BEST model so far, at epoch : 9, acc :  82.452

Epoch : 9
Training loss :  0.470, acc :  83.548
Validation loss :  0.512, acc :  82.452

Epoch : 10
Training loss :  0.437, acc :  84.920
Validation loss :  0.561, acc :  81.931

TESTING TIME

Overall testing accuracy :  81.449 %
